// Jest Snapshot v1, https://goo.gl/fbAQLP

exports[`Projects project cards class matches snapshot 1`] = `"{\\"className\\":\\"justify-content-center d-flex project-cards\\",\\"children\\":{\\"type\\":\\"div\\",\\"key\\":null,\\"ref\\":null,\\"props\\":{\\"className\\":\\"row\\",\\"children\\":[{\\"type\\":\\"div\\",\\"key\\":null,\\"ref\\":null,\\"props\\":{\\"className\\":\\"col-md-1\\"},\\"_owner\\":null,\\"_store\\":{}},{\\"type\\":\\"div\\",\\"key\\":null,\\"ref\\":null,\\"props\\":{\\"className\\":\\"col-md-5 single-card\\",\\"children\\":{\\"key\\":null,\\"ref\\":null,\\"props\\":{\\"id\\":\\"project1\\",\\"imgsrc\\":\\"testimage.png\\",\\"imgsrc2\\":\\"background1.jpg\\",\\"imgsrc3\\":\\"testimage.png\\",\\"imgsrc4\\":\\"background1.jpg\\",\\"cardName\\":\\"This is a Dynamic Card\\",\\"cardDescription\\":\\"This is a dynamic card description This is a dynamic card description This is a dynamic card description This is a dynamic card description This is a dynamic card description This is a dynamic card description This is a dynamic card description This is a dynamic card description This is a dynamic card description This is a dynamic card description This is a dynamic card description This is a dynamic card description This is a dynamic card description This is a dynamic card description\\"},\\"_owner\\":null,\\"_store\\":{}}},\\"_owner\\":null,\\"_store\\":{}},{\\"type\\":\\"div\\",\\"key\\":null,\\"ref\\":null,\\"props\\":{\\"className\\":\\"col-md-5\\",\\"children\\":{\\"key\\":null,\\"ref\\":null,\\"props\\":{\\"id\\":\\"project2\\",\\"imgsrc\\":\\"testimage.png\\",\\"imgsrc2\\":\\"background1.jpg\\",\\"imgsrc3\\":\\"testimage.png\\",\\"imgsrc4\\":\\"background1.jpg\\",\\"cardName\\":\\"This is a Dynamic Card\\",\\"cardDescription\\":\\"This is a dynamic card description\\"},\\"_owner\\":null,\\"_store\\":{}}},\\"_owner\\":null,\\"_store\\":{}},{\\"type\\":\\"div\\",\\"key\\":null,\\"ref\\":null,\\"props\\":{\\"className\\":\\"col-md-1\\"},\\"_owner\\":null,\\"_store\\":{}},{\\"type\\":\\"div\\",\\"key\\":null,\\"ref\\":null,\\"props\\":{\\"className\\":\\"col-md-1\\"},\\"_owner\\":null,\\"_store\\":{}},{\\"type\\":\\"div\\",\\"key\\":null,\\"ref\\":null,\\"props\\":{\\"className\\":\\"col-md-5\\",\\"children\\":{\\"key\\":null,\\"ref\\":null,\\"props\\":{\\"id\\":\\"project3\\",\\"imgsrc\\":\\"testimage.png\\",\\"imgsrc2\\":\\"background1.jpg\\",\\"imgsrc3\\":\\"testimage.png\\",\\"imgsrc4\\":\\"background1.jpg\\",\\"cardName\\":\\"This is a Dynamic Card\\",\\"cardDescription\\":\\"This is a dynamic card description\\"},\\"_owner\\":null,\\"_store\\":{}}},\\"_owner\\":null,\\"_store\\":{}},{\\"type\\":\\"div\\",\\"key\\":null,\\"ref\\":null,\\"props\\":{\\"className\\":\\"col-md-5\\",\\"children\\":{\\"key\\":null,\\"ref\\":null,\\"props\\":{\\"id\\":\\"project4\\",\\"imgsrc\\":\\"testimage.png\\",\\"imgsrc2\\":\\"background1.jpg\\",\\"imgsrc3\\":\\"testimage.png\\",\\"imgsrc4\\":\\"background1.jpg\\",\\"cardName\\":\\"This is a Dynamic Card\\",\\"cardDescription\\":\\"This is a dynamic card description\\"},\\"_owner\\":null,\\"_store\\":{}}},\\"_owner\\":null,\\"_store\\":{}},{\\"type\\":\\"div\\",\\"key\\":null,\\"ref\\":null,\\"props\\":{\\"className\\":\\"col-md-1\\"},\\"_owner\\":null,\\"_store\\":{}}]},\\"_owner\\":null,\\"_store\\":{}}}"`;
