// Jest Snapshot v1, https://goo.gl/fbAQLP

exports[`Header it matches the snapshot of the looped title being rendered 1`] = `"[\\"Hi I'm Vish, I'm a Full Stack Developer.\\",{\\"type\\":\\"p\\",\\"key\\":null,\\"ref\\":null,\\"props\\":{},\\"_owner\\":null,\\"_store\\":{}},\\"I write applications in \\",\\" \\",{\\"type\\":{\\"compare\\":null},\\"key\\":null,\\"ref\\":null,\\"props\\":{\\"steps\\":[\\"JavaScript.\\",2000,\\"React.\\",2000,\\"Ruby.\\",2000,\\"Ruby on Rails.\\",2000],\\"loop\\":null,\\"wrapper\\":\\"b\\"},\\"_owner\\":null,\\"_store\\":{}}]"`;
